// Jest Snapshot v1, https://goo.gl/fbAQLP

exports[`FavoriteListItem should render properly 1`] = `
<styled.li>
  <styled.h2>
    Â 
  </styled.h2>
  <div>
    <span>
      $
    </span>
    <FavoriteListItem />
  </div>
</styled.li>
`;
